// Jest Snapshot v1, https://goo.gl/fbAQLP

exports[`Component: Main should render 1`] = `
<main>
  <div />
</main>
`;
